bool.momo:1:0 [BOOL] 'true'
bool.momo:2:0 [BOOL] 'false'
bool.momo:2:5 [EOF] 'EOF'
