parse_comparision.momo:1:0 [BINARY] '(123 > 2)'
parse_comparision.momo:2:0 [BINARY] '(5.000000 <= 'foo': ???)'
parse_comparision.momo:3:0 [BINARY] '('bar': ??? < 'baz': ???)'
parse_comparision.momo:4:0 [BINARY] '('two': ??? >= ('a': ??? * 'b': ???))'
