parse_suffix.momo:1:0 [UNARY] '('foo': ???) ++ '
parse_suffix.momo:2:0 [UNARY] '('bar': ???) -- '
parse_suffix.momo:3:0 [UNARY] '('a': ???) ++ '
parse_suffix.momo:3:5 [UNARY] '('b': ???) -- '
