parse_prefix.momo:1:0 [PREFIX] ''foo': ???++'
parse_prefix.momo:2:0 [PREFIX] ''bar': ???--'
parse_prefix.momo:3:0 [PREFIX] ''a': ???++'
parse_prefix.momo:3:5 [PREFIX] ''b': ???--'
