operators.momo:1:7 [MINUS] '-'
operators.momo:2:0 [MINUS_MINUS] '--'
operators.momo:3:0 [RETURNER] '->'
operators.momo:4:0 [PLUS] '+'
operators.momo:5:0 [PLUS_PLUS] '++'
operators.momo:6:0 [PLUS_EQUAL] '+='
operators.momo:7:0 [DIVIDE] '/'
operators.momo:8:0 [DIVIDE_EQUAL] '/='
operators.momo:9:0 [MULTIPLY] '*'
operators.momo:10:0 [POWER] '**'
operators.momo:11:0 [MULTIPLY_EQUAL] '*='
operators.momo:12:0 [MODULUS] '%'
operators.momo:13:0 [MODULUS_EQUAL] '%='
operators.momo:15:0 [BITWISE_AND] '&'
operators.momo:16:0 [BITWISE_AND_EQUAL] '&='
operators.momo:17:0 [BITWISE_XOR] '^'
operators.momo:18:0 [BITWISE_XOR_EQUAL] '^='
operators.momo:19:0 [BITWISE_NOT] '~'
operators.momo:20:0 [BITWISE_OR] '|'
operators.momo:21:0 [BITWISE_OR_EQUAL] '|='
operators.momo:23:0 [NOT] '!'
operators.momo:24:0 [NOT_EQUAL] '!='
operators.momo:25:0 [LOGICAL_AND] '&&'
operators.momo:26:0 [LOGICAL_OR] '||'
operators.momo:28:0 [EQUAL] '='
operators.momo:29:0 [EQUAL_EQUAL] '=='
[INFO] OK
